2024-09-09 18:06:37.565 [JavaFX Application Thread] INFO  ctgraphdep.constants.JsonPaths - Executable directory: D:\WorkT\Projects Java\GraphDepC\target
2024-09-09 18:06:37.570 [JavaFX Application Thread] INFO  ctgraphdep.constants.JsonPaths - Set ADMIN_PATH to: D:\WorkT\Projects Java\GraphDepC\target\default\
2024-09-09 18:06:37.570 [JavaFX Application Thread] INFO  ctgraphdep.constants.JsonPaths - Attempting to load path config from: D:\WorkT\Projects Java\GraphDepC\target\path_config.json
2024-09-09 18:06:37.702 [JavaFX Application Thread] INFO  ctgraphdep.constants.JsonPaths - Loaded DATA_PATH from config: D:\CreativeTimeAndTaskTracker\default\
2024-09-09 18:06:37.703 [JavaFX Application Thread] INFO  ctgraphdep.constants.JsonPaths - Final DATA_PATH: D:\CreativeTimeAndTaskTracker\default\
2024-09-09 18:06:37.713 [JavaFX Application Thread] INFO  ctgraphdep.services.UserService - Users loaded successfully. Total users: 19
2024-09-09 18:06:37.869 [JavaFX Application Thread] INFO  ctgraphdep.services.LogoService - Image set successfully: /images/ct.png
2024-09-09 18:06:37.870 [JavaFX Application Thread] INFO  ctgraphdep.controllers.LauncherController - Logo image set successfully in LauncherController
2024-09-09 18:06:37.870 [JavaFX Application Thread] INFO  ctgraphdep.services.FileAccessibilityService - Updating online status
2024-09-09 18:06:37.870 [JavaFX Application Thread] INFO  ctgraphdep.services.FileAccessibilityService - Checking users.json accessibility in new data path
2024-09-09 18:06:37.870 [JavaFX Application Thread] INFO  ctgraphdep.services.FileAccessibilityService - Checking file: D:\CreativeTimeAndTaskTracker\default\users.json
2024-09-09 18:06:37.871 [JavaFX Application Thread] INFO  ctgraphdep.services.FileAccessibilityService - File exists: true
2024-09-09 18:06:37.871 [JavaFX Application Thread] INFO  ctgraphdep.services.FileAccessibilityService - File is readable: true
2024-09-09 18:06:37.871 [JavaFX Application Thread] INFO  ctgraphdep.services.FileAccessibilityService - Users JSON file accessibility in new path: Accessible
2024-09-09 18:06:38.567 [JavaFX Application Thread] INFO  ctgraphdep.services.LogoService - Image set successfully: /images/ct3front.png
2024-09-09 18:06:38.568 [JavaFX Application Thread] INFO  ctgraphdep.controllers.LauncherController - Main image set successfully in LauncherController
2024-09-09 18:06:38.773 [JavaFX Application Thread] INFO  ctgraphdep.services.FileAccessibilityService - Status set to Online (using new path)
2024-09-09 18:06:44.389 [JavaFX Application Thread] INFO  UserActions - Login - Attempt login
2024-09-09 18:06:44.391 [JavaFX Application Thread] INFO  ctgraphdep.services.UserService - Users loaded successfully. Total users: 19
2024-09-09 18:06:44.393 [JavaFX Application Thread] INFO  ctgraphdep.services.UserService - Users loaded successfully. Total users: 19
2024-09-09 18:06:44.394 [JavaFX Application Thread] INFO  ctgraphdep.services.UserService - User authenticated successfully: admin
2024-09-09 18:06:44.394 [JavaFX Application Thread] INFO  ctgraphdep.services.WorkSessionService - Current user set: Admin
2024-09-09 18:06:44.394 [JavaFX Application Thread] INFO  ctgraphdep.utils.UserSessionFileHandler - No existing session found for user: admin
2024-09-09 18:06:44.394 [JavaFX Application Thread] INFO  ctgraphdep.services.WorkSessionService - No active session found for user: Admin
2024-09-09 18:06:44.394 [JavaFX Application Thread] INFO  ctgraphdep.services.WorkSessionService - Current user set: Admin
2024-09-09 18:06:44.394 [JavaFX Application Thread] INFO  UserActions - Login - Successful login
2024-09-09 18:06:44.399 [JavaFX Application Thread] INFO  ControllerSwitches - Switching from AuthenticationService to AdminController
2024-09-09 18:06:44.409 [JavaFX Application Thread] INFO  ctgraphdep.services.LogoService - Image set successfully: /images/ct.png
2024-09-09 18:06:44.409 [JavaFX Application Thread] INFO  ctgraphdep.controllers.AdminController - Logo image set successfully in AdminController
2024-09-09 18:06:44.410 [JavaFX Application Thread] INFO  ctgraphdep.controllers.AdminController - AdminController initializing services
2024-09-09 18:06:44.432 [JavaFX Application Thread] INFO  ctgraphdep.services.NavigationService - Navigated to: Admin Page
2024-09-09 18:06:45.901 [JavaFX Application Thread] INFO  ctgraphdep.services.LogoService - Image set successfully: /images/ct.png
2024-09-09 18:06:45.902 [JavaFX Application Thread] INFO  ctgraphdep.controllers.AdminTimeController - Logo image set successfully in AdminTimeController
2024-09-09 18:06:45.902 [JavaFX Application Thread] INFO  ctgraphdep.controllers.AdminTimeController - AdminTimeController initializing services
2024-09-09 18:06:45.902 [JavaFX Application Thread] INFO  ctgraphdep.controllers.AdminTimeController - Setting up UI in AdminTimeController
2024-09-09 18:06:45.908 [JavaFX Application Thread] INFO  ctgraphdep.controllers.AdminTimeController - Loading table styles from: file:/D:/WorkT/Projects%20Java/GraphDepC/target/classes/css/table-styles.css
2024-09-09 18:06:45.908 [JavaFX Application Thread] INFO  ctgraphdep.controllers.AdminTimeController - CSS classes added to workTimeTableView and selectedUserLabel
2024-09-09 18:06:45.917 [JavaFX Application Thread] INFO  ctgraphdep.utils.TableUtil - Number of items in TableView after setup: 0
2024-09-09 18:06:46.091 [JavaFX Application Thread] INFO  ctgraphdep.services.NavigationService - Navigated to: Admin Work Interval
2024-09-09 18:06:47.817 [JavaFX Application Thread] INFO  ctgraphdep.services.LogoService - Image set successfully: /images/ct.png
2024-09-09 18:06:47.817 [JavaFX Application Thread] INFO  ctgraphdep.controllers.AdminController - Logo image set successfully in AdminController
2024-09-09 18:06:47.817 [JavaFX Application Thread] INFO  ctgraphdep.controllers.AdminController - AdminController initializing services
2024-09-09 18:06:47.827 [JavaFX Application Thread] INFO  ctgraphdep.services.NavigationService - Navigated to: Admin Page
2024-09-09 18:06:48.706 [JavaFX Application Thread] INFO  ctgraphdep.controllers.StatusDialogController - Dialog stage set for StatusDialogController
2024-09-09 18:06:48.706 [JavaFX Application Thread] INFO  ctgraphdep.controllers.StatusDialogController - BaseDialogController services initialized: true
2024-09-09 18:06:48.706 [JavaFX Application Thread] INFO  ctgraphdep.controllers.StatusDialogController - Initializing Status dialog
2024-09-09 18:06:48.710 [JavaFX Application Thread] INFO  ctgraphdep.services.DialogService - Refresh button set up successfully
2024-09-09 18:06:48.711 [JavaFX Application Thread] INFO  ctgraphdep.services.DialogService - Loading image: /icons/refreshB.png
2024-09-09 18:06:48.800 [JavaFX Application Thread] INFO  ctgraphdep.services.DialogService - Refresh icon set successfully
2024-09-09 18:06:48.800 [JavaFX Application Thread] INFO  ctgraphdep.controllers.StatusDialogController - Refreshing status content
2024-09-09 18:06:48.804 [JavaFX Application Thread] INFO  ctgraphdep.services.StatusDialogService - Users status read successfully. Number of users: 18
2024-09-09 18:06:48.805 [JavaFX Application Thread] INFO  ctgraphdep.services.StatusDialogService - Number of users: 18
2024-09-09 18:06:48.806 [JavaFX Application Thread] INFO  ctgraphdep.services.StatusDialogService - Formatted user status: Hodineanti Tudor (Offline) :: 07/09/2024 - 15:02
2024-09-09 18:06:48.807 [JavaFX Application Thread] INFO  ctgraphdep.services.StatusDialogService - Formatted user status: Simona Polmolea (offline) :: 04/09/2024 - 22:14
2024-09-09 18:06:48.808 [JavaFX Application Thread] INFO  ctgraphdep.services.StatusDialogService - Formatted user status: Laura Polmolea (offline) :: 04/09/2024 - 18:26
2024-09-09 18:06:48.808 [JavaFX Application Thread] INFO  ctgraphdep.services.StatusDialogService - Formatted user status: Silviu Murgu (offline) :: 04/09/2024 - 18:01
2024-09-09 18:06:48.808 [JavaFX Application Thread] INFO  ctgraphdep.services.StatusDialogService - Formatted user status: Eugen Murgu (offline) :: 04/09/2024 - 21:02
2024-09-09 18:06:48.808 [JavaFX Application Thread] INFO  ctgraphdep.services.StatusDialogService - Formatted user status: Alina Tepeneu (offline) :: 04/09/2024 - 21:02
2024-09-09 18:06:48.809 [JavaFX Application Thread] INFO  ctgraphdep.services.StatusDialogService - Formatted user status: Oana Alba (offline) :: 04/09/2024 - 21:03
2024-09-09 18:06:48.809 [JavaFX Application Thread] INFO  ctgraphdep.services.StatusDialogService - Formatted user status: Geo Zgurai (offline) :: 04/09/2024 - 21:03
2024-09-09 18:06:48.809 [JavaFX Application Thread] INFO  ctgraphdep.services.StatusDialogService - Formatted user status: Stefan Dumitru (offline) :: 04/09/2024 - 21:04
2024-09-09 18:06:48.809 [JavaFX Application Thread] INFO  ctgraphdep.services.StatusDialogService - Formatted user status: Ion Domil (offline) :: 04/09/2024 - 21:04
2024-09-09 18:06:48.810 [JavaFX Application Thread] INFO  ctgraphdep.services.StatusDialogService - Formatted user status: Vlad Olari (offline) :: 04/09/2024 - 21:04
2024-09-09 18:06:48.810 [JavaFX Application Thread] INFO  ctgraphdep.services.StatusDialogService - Formatted user status: Mariana Badau (offline) :: 04/09/2024 - 21:21
2024-09-09 18:06:48.810 [JavaFX Application Thread] INFO  ctgraphdep.services.StatusDialogService - Formatted user status: Adina Barbu (offline) :: 04/09/2024 - 21:22
2024-09-09 18:06:48.811 [JavaFX Application Thread] INFO  ctgraphdep.services.StatusDialogService - Formatted user status: Laurentiu Margalin (offline) :: 04/09/2024 - 21:22
2024-09-09 18:06:48.811 [JavaFX Application Thread] INFO  ctgraphdep.services.StatusDialogService - Formatted user status: Marian Negrea (offline) :: 04/09/2024 - 21:23
2024-09-09 18:06:48.812 [JavaFX Application Thread] INFO  ctgraphdep.services.StatusDialogService - Formatted user status: Leo Cicos (offline) :: 04/09/2024 - 21:23
2024-09-09 18:06:48.812 [JavaFX Application Thread] INFO  ctgraphdep.services.StatusDialogService - Formatted user status: Adrian Mihai (offline) :: 04/09/2024 - 21:25
2024-09-09 18:06:48.812 [JavaFX Application Thread] INFO  ctgraphdep.services.StatusDialogService - Formatted user status: Marian Ivanoiu (offline) :: 04/09/2024 - 21:26
2024-09-09 18:06:48.813 [JavaFX Application Thread] INFO  ctgraphdep.services.StatusDialogService - User status list updated. Number of rows: 18
2024-09-09 18:06:48.813 [JavaFX Application Thread] INFO  ctgraphdep.controllers.StatusDialogController - StatusDialogController initialized
2024-09-09 18:06:48.813 [JavaFX Application Thread] INFO  ctgraphdep.services.DialogService - Loading CSS from: file:/D:/WorkT/Projects%20Java/GraphDepC/target/classes/css/about-dialog.css
2024-09-09 18:07:31.502 [JavaFX Application Thread] INFO  ctgraphdep.constants.JsonPaths - Executable directory: D:\WorkT\Projects Java\GraphDepC\target
2024-09-09 18:07:31.504 [JavaFX Application Thread] INFO  ctgraphdep.constants.JsonPaths - Set ADMIN_PATH to: D:\WorkT\Projects Java\GraphDepC\target\default\
2024-09-09 18:07:31.504 [JavaFX Application Thread] INFO  ctgraphdep.constants.JsonPaths - Attempting to load path config from: D:\WorkT\Projects Java\GraphDepC\target\path_config.json
2024-09-09 18:07:31.655 [JavaFX Application Thread] INFO  ctgraphdep.constants.JsonPaths - Loaded DATA_PATH from config: D:\CreativeTimeAndTaskTracker\default\
2024-09-09 18:07:31.655 [JavaFX Application Thread] INFO  ctgraphdep.constants.JsonPaths - Final DATA_PATH: D:\CreativeTimeAndTaskTracker\default\
2024-09-09 18:07:31.663 [JavaFX Application Thread] INFO  ctgraphdep.services.UserService - Users loaded successfully. Total users: 19
2024-09-09 18:07:31.797 [JavaFX Application Thread] INFO  ctgraphdep.services.LogoService - Image set successfully: /images/ct.png
2024-09-09 18:07:31.797 [JavaFX Application Thread] INFO  ctgraphdep.controllers.LauncherController - Logo image set successfully in LauncherController
2024-09-09 18:07:31.797 [JavaFX Application Thread] INFO  ctgraphdep.services.FileAccessibilityService - Updating online status
2024-09-09 18:07:31.797 [JavaFX Application Thread] INFO  ctgraphdep.services.FileAccessibilityService - Checking users.json accessibility in new data path
2024-09-09 18:07:31.809 [JavaFX Application Thread] INFO  ctgraphdep.services.FileAccessibilityService - Checking file: D:\CreativeTimeAndTaskTracker\default\users.json
2024-09-09 18:07:31.809 [JavaFX Application Thread] INFO  ctgraphdep.services.FileAccessibilityService - File exists: true
2024-09-09 18:07:31.809 [JavaFX Application Thread] INFO  ctgraphdep.services.FileAccessibilityService - File is readable: true
2024-09-09 18:07:31.809 [JavaFX Application Thread] INFO  ctgraphdep.services.FileAccessibilityService - Users JSON file accessibility in new path: Accessible
2024-09-09 18:07:32.797 [JavaFX Application Thread] INFO  ctgraphdep.services.LogoService - Image set successfully: /images/ct3front.png
2024-09-09 18:07:32.798 [JavaFX Application Thread] INFO  ctgraphdep.controllers.LauncherController - Main image set successfully in LauncherController
2024-09-09 18:07:33.029 [JavaFX Application Thread] INFO  ctgraphdep.services.FileAccessibilityService - Status set to Online (using new path)
2024-09-09 18:07:39.513 [JavaFX Application Thread] INFO  UserActions - Login - Attempt login
2024-09-09 18:07:39.515 [JavaFX Application Thread] INFO  ctgraphdep.services.UserService - Users loaded successfully. Total users: 19
2024-09-09 18:07:39.518 [JavaFX Application Thread] INFO  ctgraphdep.services.UserService - Users loaded successfully. Total users: 19
2024-09-09 18:07:39.519 [JavaFX Application Thread] WARN  ctgraphdep.services.UserService - Failed authentication attempt for username: tudorhl
2024-09-09 18:07:39.519 [JavaFX Application Thread] WARN  ctgraphdep.services.AuthenticationService - Failed login attempt for username: tudorhl
2024-09-09 18:07:46.660 [JavaFX Application Thread] INFO  UserActions - Login - Attempt login
2024-09-09 18:07:46.663 [JavaFX Application Thread] INFO  ctgraphdep.services.UserService - Users loaded successfully. Total users: 19
2024-09-09 18:07:46.666 [JavaFX Application Thread] INFO  ctgraphdep.services.UserService - Users loaded successfully. Total users: 19
2024-09-09 18:07:46.666 [JavaFX Application Thread] WARN  ctgraphdep.services.UserService - Failed authentication attempt for username: tudorhl
2024-09-09 18:07:46.666 [JavaFX Application Thread] WARN  ctgraphdep.services.AuthenticationService - Failed login attempt for username: tudorhl
2024-09-09 18:07:53.347 [JavaFX Application Thread] INFO  UserActions - Login - Attempt login
2024-09-09 18:07:53.350 [JavaFX Application Thread] INFO  ctgraphdep.services.UserService - Users loaded successfully. Total users: 19
2024-09-09 18:07:53.351 [JavaFX Application Thread] INFO  ctgraphdep.services.UserService - Users loaded successfully. Total users: 19
2024-09-09 18:07:53.351 [JavaFX Application Thread] INFO  ctgraphdep.services.UserService - User authenticated successfully: tudorhl
2024-09-09 18:07:53.352 [JavaFX Application Thread] ERROR ctgraphdep.services.UserService - WorkSessionService is null in UserService
2024-09-09 18:07:53.352 [JavaFX Application Thread] INFO  ctgraphdep.services.WorkSessionService - Current user set: Hodineanti Tudor-Lucian
2024-09-09 18:07:53.352 [JavaFX Application Thread] INFO  UserActions - Login - Successful login
2024-09-09 18:07:53.354 [JavaFX Application Thread] INFO  ControllerSwitches - Switching from AuthenticationService to UserController
2024-09-09 18:07:53.372 [JavaFX Application Thread] INFO  ctgraphdep.services.LogoService - Image set successfully: /images/ct.png
2024-09-09 18:07:53.372 [JavaFX Application Thread] INFO  ctgraphdep.controllers.UserController - Logo image set successfully in UserController
2024-09-09 18:07:53.374 [JavaFX Application Thread] INFO  ctgraphdep.services.LogoService - Image set successfully: /images/ct.png
2024-09-09 18:07:53.374 [JavaFX Application Thread] INFO  ctgraphdep.controllers.UserController - Logo image set successfully in UserController
2024-09-09 18:07:53.383 [JavaFX Application Thread] WARN  ctgraphdep.controllers.UserController - Invalid session state found for user: Hodineanti Tudor-Lucian, State: ENDED
2024-09-09 18:07:53.421 [JavaFX Application Thread] INFO  ctgraphdep.services.NavigationService - Navigated to: User Page
2024-09-09 18:07:56.451 [JavaFX Application Thread] INFO  ctgraphdep.services.LogoService - Image set successfully: /images/ct.png
2024-09-09 18:07:56.451 [JavaFX Application Thread] INFO  ctgraphdep.controllers.UserTimeController - Logo image set successfully in UserTimeController
2024-09-09 18:07:56.453 [JavaFX Application Thread] INFO  ctgraphdep.services.LogoService - Image set successfully: /images/ct.png
2024-09-09 18:07:56.453 [JavaFX Application Thread] INFO  ctgraphdep.controllers.UserTimeController - Logo image set successfully in UserTimeController
2024-09-09 18:07:56.455 [JavaFX Application Thread] INFO  ctgraphdep.controllers.UserTimeController - Loading table styles from: file:/D:/WorkT/Projects%20Java/GraphDepC/target/classes/css/table-styles.css
2024-09-09 18:07:56.455 [JavaFX Application Thread] INFO  ctgraphdep.controllers.UserTimeController - CSS classes added to workHoursTable
2024-09-09 18:07:56.458 [JavaFX Application Thread] INFO  ctgraphdep.utils.TableUtil - User Work Time Table setup completed
2024-09-09 18:07:56.465 [JavaFX Application Thread] INFO  ctgraphdep.services.WorkSessionService - Total work times read from JSON: 41
2024-09-09 18:07:56.466 [JavaFX Application Thread] INFO  ctgraphdep.services.WorkSessionService - Checking entry: ctgraphdep.models.WorkTimeTable@78fa920, Matches filter: true
2024-09-09 18:07:56.466 [JavaFX Application Thread] INFO  ctgraphdep.services.WorkSessionService - Checking entry: ctgraphdep.models.WorkTimeTable@12aab802, Matches filter: true
2024-09-09 18:07:56.467 [JavaFX Application Thread] INFO  ctgraphdep.services.WorkSessionService - Checking entry: ctgraphdep.models.WorkTimeTable@5366993d, Matches filter: true
2024-09-09 18:07:56.467 [JavaFX Application Thread] INFO  ctgraphdep.services.WorkSessionService - Checking entry: ctgraphdep.models.WorkTimeTable@6d206241, Matches filter: true
2024-09-09 18:07:56.467 [JavaFX Application Thread] INFO  ctgraphdep.services.WorkSessionService - Checking entry: ctgraphdep.models.WorkTimeTable@179c106c, Matches filter: true
2024-09-09 18:07:56.467 [JavaFX Application Thread] INFO  ctgraphdep.services.WorkSessionService - Checking entry: ctgraphdep.models.WorkTimeTable@50b1c035, Matches filter: true
2024-09-09 18:07:56.467 [JavaFX Application Thread] INFO  ctgraphdep.services.WorkSessionService - Checking entry: ctgraphdep.models.WorkTimeTable@37f9046f, Matches filter: true
2024-09-09 18:07:56.467 [JavaFX Application Thread] INFO  ctgraphdep.services.WorkSessionService - Checking entry: ctgraphdep.models.WorkTimeTable@59255abb, Matches filter: true
2024-09-09 18:07:56.467 [JavaFX Application Thread] INFO  ctgraphdep.services.WorkSessionService - Checking entry: ctgraphdep.models.WorkTimeTable@2e4d2e83, Matches filter: true
2024-09-09 18:07:56.467 [JavaFX Application Thread] INFO  ctgraphdep.services.WorkSessionService - Checking entry: ctgraphdep.models.WorkTimeTable@70a3e317, Matches filter: true
2024-09-09 18:07:56.468 [JavaFX Application Thread] INFO  ctgraphdep.services.WorkSessionService - Checking entry: ctgraphdep.models.WorkTimeTable@f865b10, Matches filter: true
2024-09-09 18:07:56.468 [JavaFX Application Thread] INFO  ctgraphdep.services.WorkSessionService - Checking entry: ctgraphdep.models.WorkTimeTable@7c8528d9, Matches filter: true
2024-09-09 18:07:56.468 [JavaFX Application Thread] INFO  ctgraphdep.services.WorkSessionService - Checking entry: ctgraphdep.models.WorkTimeTable@3b7b38fc, Matches filter: true
2024-09-09 18:07:56.468 [JavaFX Application Thread] INFO  ctgraphdep.services.WorkSessionService - Checking entry: ctgraphdep.models.WorkTimeTable@542fdfdf, Matches filter: true
2024-09-09 18:07:56.468 [JavaFX Application Thread] INFO  ctgraphdep.services.WorkSessionService - Checking entry: ctgraphdep.models.WorkTimeTable@694c4091, Matches filter: true
2024-09-09 18:07:56.468 [JavaFX Application Thread] INFO  ctgraphdep.services.WorkSessionService - Checking entry: ctgraphdep.models.WorkTimeTable@3c5a7e81, Matches filter: true
2024-09-09 18:07:56.468 [JavaFX Application Thread] INFO  ctgraphdep.services.WorkSessionService - Checking entry: ctgraphdep.models.WorkTimeTable@5e041d2e, Matches filter: true
2024-09-09 18:07:56.468 [JavaFX Application Thread] INFO  ctgraphdep.services.WorkSessionService - Checking entry: ctgraphdep.models.WorkTimeTable@747ff016, Matches filter: true
2024-09-09 18:07:56.468 [JavaFX Application Thread] INFO  ctgraphdep.services.WorkSessionService - Checking entry: ctgraphdep.models.WorkTimeTable@7fbc7ec0, Matches filter: true
2024-09-09 18:07:56.468 [JavaFX Application Thread] INFO  ctgraphdep.services.WorkSessionService - Checking entry: ctgraphdep.models.WorkTimeTable@10fdb9c0, Matches filter: true
2024-09-09 18:07:56.469 [JavaFX Application Thread] INFO  ctgraphdep.services.WorkSessionService - Checking entry: ctgraphdep.models.WorkTimeTable@6eee3b9c, Matches filter: true
2024-09-09 18:07:56.469 [JavaFX Application Thread] INFO  ctgraphdep.services.WorkSessionService - Checking entry: ctgraphdep.models.WorkTimeTable@659a9917, Matches filter: true
2024-09-09 18:07:56.469 [JavaFX Application Thread] INFO  ctgraphdep.services.WorkSessionService - Checking entry: ctgraphdep.models.WorkTimeTable@79cca11a, Matches filter: true
2024-09-09 18:07:56.469 [JavaFX Application Thread] INFO  ctgraphdep.services.WorkSessionService - Checking entry: ctgraphdep.models.WorkTimeTable@402245a, Matches filter: true
2024-09-09 18:07:56.469 [JavaFX Application Thread] INFO  ctgraphdep.services.WorkSessionService - Checking entry: ctgraphdep.models.WorkTimeTable@1bafdd9d, Matches filter: true
2024-09-09 18:07:56.469 [JavaFX Application Thread] INFO  ctgraphdep.services.WorkSessionService - Checking entry: ctgraphdep.models.WorkTimeTable@2a4cadde, Matches filter: true
2024-09-09 18:07:56.469 [JavaFX Application Thread] INFO  ctgraphdep.services.WorkSessionService - Checking entry: ctgraphdep.models.WorkTimeTable@36940dfc, Matches filter: true
2024-09-09 18:07:56.469 [JavaFX Application Thread] INFO  ctgraphdep.services.WorkSessionService - Checking entry: ctgraphdep.models.WorkTimeTable@2321cf80, Matches filter: true
2024-09-09 18:07:56.469 [JavaFX Application Thread] INFO  ctgraphdep.services.WorkSessionService - Checking entry: ctgraphdep.models.WorkTimeTable@4607bd4c, Matches filter: true
2024-09-09 18:07:56.469 [JavaFX Application Thread] INFO  ctgraphdep.services.WorkSessionService - Checking entry: ctgraphdep.models.WorkTimeTable@9eaca0f, Matches filter: true
2024-09-09 18:07:56.469 [JavaFX Application Thread] INFO  ctgraphdep.services.WorkSessionService - Checking entry: ctgraphdep.models.WorkTimeTable@1f07cd23, Matches filter: true
2024-09-09 18:07:56.469 [JavaFX Application Thread] INFO  ctgraphdep.services.WorkSessionService - Checking entry: ctgraphdep.models.WorkTimeTable@32774c8c, Matches filter: true
2024-09-09 18:07:56.470 [JavaFX Application Thread] INFO  ctgraphdep.services.WorkSessionService - Checking entry: ctgraphdep.models.WorkTimeTable@49e16a53, Matches filter: true
2024-09-09 18:07:56.470 [JavaFX Application Thread] INFO  ctgraphdep.services.WorkSessionService - Checking entry: ctgraphdep.models.WorkTimeTable@16847bd2, Matches filter: true
2024-09-09 18:07:56.470 [JavaFX Application Thread] INFO  ctgraphdep.services.WorkSessionService - Checking entry: ctgraphdep.models.WorkTimeTable@374bc2f4, Matches filter: true
2024-09-09 18:07:56.470 [JavaFX Application Thread] INFO  ctgraphdep.services.WorkSessionService - Checking entry: ctgraphdep.models.WorkTimeTable@3f50ebbd, Matches filter: true
2024-09-09 18:07:56.470 [JavaFX Application Thread] INFO  ctgraphdep.services.WorkSessionService - Checking entry: ctgraphdep.models.WorkTimeTable@7d21bdf6, Matches filter: true
2024-09-09 18:07:56.470 [JavaFX Application Thread] INFO  ctgraphdep.services.WorkSessionService - Checking entry: ctgraphdep.models.WorkTimeTable@484e036b, Matches filter: true
2024-09-09 18:07:56.470 [JavaFX Application Thread] INFO  ctgraphdep.services.WorkSessionService - Checking entry: ctgraphdep.models.WorkTimeTable@21fb34f4, Matches filter: true
2024-09-09 18:07:56.470 [JavaFX Application Thread] INFO  ctgraphdep.services.WorkSessionService - Checking entry: ctgraphdep.models.WorkTimeTable@19ce2e75, Matches filter: true
2024-09-09 18:07:56.470 [JavaFX Application Thread] INFO  ctgraphdep.services.WorkSessionService - Checking entry: ctgraphdep.models.WorkTimeTable@6970feb7, Matches filter: true
2024-09-09 18:07:56.471 [JavaFX Application Thread] INFO  ctgraphdep.services.WorkSessionService - Filtered work times: 41
2024-09-09 18:07:56.472 [JavaFX Application Thread] INFO  ctgraphdep.services.UserWorkTimeService - Loaded 5 work hour entries for user 2
2024-09-09 18:07:56.699 [JavaFX Application Thread] INFO  ctgraphdep.services.NavigationService - Navigated to: User Work Interval
2024-09-09 18:07:58.106 [JavaFX Application Thread] INFO  ctgraphdep.services.WorkSessionService - Total work times read from JSON: 41
2024-09-09 18:07:58.106 [JavaFX Application Thread] INFO  ctgraphdep.services.WorkSessionService - Checking entry: ctgraphdep.models.WorkTimeTable@5ffb0870, Matches filter: true
2024-09-09 18:07:58.106 [JavaFX Application Thread] INFO  ctgraphdep.services.WorkSessionService - Checking entry: ctgraphdep.models.WorkTimeTable@3928b0ca, Matches filter: true
2024-09-09 18:07:58.106 [JavaFX Application Thread] INFO  ctgraphdep.services.WorkSessionService - Checking entry: ctgraphdep.models.WorkTimeTable@77fb9d50, Matches filter: true
2024-09-09 18:07:58.107 [JavaFX Application Thread] INFO  ctgraphdep.services.WorkSessionService - Checking entry: ctgraphdep.models.WorkTimeTable@28154bfd, Matches filter: true
2024-09-09 18:07:58.107 [JavaFX Application Thread] INFO  ctgraphdep.services.WorkSessionService - Checking entry: ctgraphdep.models.WorkTimeTable@2faa6e07, Matches filter: true
2024-09-09 18:07:58.107 [JavaFX Application Thread] INFO  ctgraphdep.services.WorkSessionService - Checking entry: ctgraphdep.models.WorkTimeTable@53f835d8, Matches filter: true
2024-09-09 18:07:58.107 [JavaFX Application Thread] INFO  ctgraphdep.services.WorkSessionService - Checking entry: ctgraphdep.models.WorkTimeTable@784233ea, Matches filter: true
2024-09-09 18:07:58.107 [JavaFX Application Thread] INFO  ctgraphdep.services.WorkSessionService - Checking entry: ctgraphdep.models.WorkTimeTable@7a0ac5bc, Matches filter: true
2024-09-09 18:07:58.107 [JavaFX Application Thread] INFO  ctgraphdep.services.WorkSessionService - Checking entry: ctgraphdep.models.WorkTimeTable@62c56ac, Matches filter: true
2024-09-09 18:07:58.107 [JavaFX Application Thread] INFO  ctgraphdep.services.WorkSessionService - Checking entry: ctgraphdep.models.WorkTimeTable@14e8f544, Matches filter: true
2024-09-09 18:07:58.108 [JavaFX Application Thread] INFO  ctgraphdep.services.WorkSessionService - Checking entry: ctgraphdep.models.WorkTimeTable@7ddc5950, Matches filter: true
2024-09-09 18:07:58.108 [JavaFX Application Thread] INFO  ctgraphdep.services.WorkSessionService - Checking entry: ctgraphdep.models.WorkTimeTable@51575472, Matches filter: true
2024-09-09 18:07:58.108 [JavaFX Application Thread] INFO  ctgraphdep.services.WorkSessionService - Checking entry: ctgraphdep.models.WorkTimeTable@35aae1c2, Matches filter: true
2024-09-09 18:07:58.108 [JavaFX Application Thread] INFO  ctgraphdep.services.WorkSessionService - Checking entry: ctgraphdep.models.WorkTimeTable@663b60e6, Matches filter: true
2024-09-09 18:07:58.109 [JavaFX Application Thread] INFO  ctgraphdep.services.WorkSessionService - Checking entry: ctgraphdep.models.WorkTimeTable@79b2a3a8, Matches filter: true
2024-09-09 18:07:58.109 [JavaFX Application Thread] INFO  ctgraphdep.services.WorkSessionService - Checking entry: ctgraphdep.models.WorkTimeTable@122d8c28, Matches filter: true
2024-09-09 18:07:58.109 [JavaFX Application Thread] INFO  ctgraphdep.services.WorkSessionService - Checking entry: ctgraphdep.models.WorkTimeTable@706bcb5e, Matches filter: true
2024-09-09 18:07:58.109 [JavaFX Application Thread] INFO  ctgraphdep.services.WorkSessionService - Checking entry: ctgraphdep.models.WorkTimeTable@4deaa9e5, Matches filter: true
2024-09-09 18:07:58.109 [JavaFX Application Thread] INFO  ctgraphdep.services.WorkSessionService - Checking entry: ctgraphdep.models.WorkTimeTable@2129fc13, Matches filter: true
2024-09-09 18:07:58.109 [JavaFX Application Thread] INFO  ctgraphdep.services.WorkSessionService - Checking entry: ctgraphdep.models.WorkTimeTable@5f9b68d2, Matches filter: true
2024-09-09 18:07:58.110 [JavaFX Application Thread] INFO  ctgraphdep.services.WorkSessionService - Checking entry: ctgraphdep.models.WorkTimeTable@71846944, Matches filter: true
2024-09-09 18:07:58.110 [JavaFX Application Thread] INFO  ctgraphdep.services.WorkSessionService - Checking entry: ctgraphdep.models.WorkTimeTable@69b94310, Matches filter: true
2024-09-09 18:07:58.110 [JavaFX Application Thread] INFO  ctgraphdep.services.WorkSessionService - Checking entry: ctgraphdep.models.WorkTimeTable@79ef350, Matches filter: true
2024-09-09 18:07:58.110 [JavaFX Application Thread] INFO  ctgraphdep.services.WorkSessionService - Checking entry: ctgraphdep.models.WorkTimeTable@3c7d689, Matches filter: true
2024-09-09 18:07:58.110 [JavaFX Application Thread] INFO  ctgraphdep.services.WorkSessionService - Checking entry: ctgraphdep.models.WorkTimeTable@515b41fc, Matches filter: true
2024-09-09 18:07:58.111 [JavaFX Application Thread] INFO  ctgraphdep.services.WorkSessionService - Checking entry: ctgraphdep.models.WorkTimeTable@72d93904, Matches filter: true
2024-09-09 18:07:58.111 [JavaFX Application Thread] INFO  ctgraphdep.services.WorkSessionService - Checking entry: ctgraphdep.models.WorkTimeTable@22d507c, Matches filter: true
2024-09-09 18:07:58.111 [JavaFX Application Thread] INFO  ctgraphdep.services.WorkSessionService - Checking entry: ctgraphdep.models.WorkTimeTable@3fe3bd2e, Matches filter: true
2024-09-09 18:07:58.111 [JavaFX Application Thread] INFO  ctgraphdep.services.WorkSessionService - Checking entry: ctgraphdep.models.WorkTimeTable@34bc5f8f, Matches filter: true
2024-09-09 18:07:58.111 [JavaFX Application Thread] INFO  ctgraphdep.services.WorkSessionService - Checking entry: ctgraphdep.models.WorkTimeTable@f964105, Matches filter: true
2024-09-09 18:07:58.111 [JavaFX Application Thread] INFO  ctgraphdep.services.WorkSessionService - Checking entry: ctgraphdep.models.WorkTimeTable@67504e3b, Matches filter: true
2024-09-09 18:07:58.111 [JavaFX Application Thread] INFO  ctgraphdep.services.WorkSessionService - Checking entry: ctgraphdep.models.WorkTimeTable@45f89532, Matches filter: true
2024-09-09 18:07:58.111 [JavaFX Application Thread] INFO  ctgraphdep.services.WorkSessionService - Checking entry: ctgraphdep.models.WorkTimeTable@13eefa25, Matches filter: true
2024-09-09 18:07:58.112 [JavaFX Application Thread] INFO  ctgraphdep.services.WorkSessionService - Checking entry: ctgraphdep.models.WorkTimeTable@2e4d0f34, Matches filter: true
2024-09-09 18:07:58.112 [JavaFX Application Thread] INFO  ctgraphdep.services.WorkSessionService - Checking entry: ctgraphdep.models.WorkTimeTable@4b09bd50, Matches filter: true
2024-09-09 18:07:58.112 [JavaFX Application Thread] INFO  ctgraphdep.services.WorkSessionService - Checking entry: ctgraphdep.models.WorkTimeTable@4ad9e006, Matches filter: true
2024-09-09 18:07:58.112 [JavaFX Application Thread] INFO  ctgraphdep.services.WorkSessionService - Checking entry: ctgraphdep.models.WorkTimeTable@2e8214aa, Matches filter: true
2024-09-09 18:07:58.112 [JavaFX Application Thread] INFO  ctgraphdep.services.WorkSessionService - Checking entry: ctgraphdep.models.WorkTimeTable@68f09ae1, Matches filter: true
2024-09-09 18:07:58.112 [JavaFX Application Thread] INFO  ctgraphdep.services.WorkSessionService - Checking entry: ctgraphdep.models.WorkTimeTable@6e155992, Matches filter: true
2024-09-09 18:07:58.113 [JavaFX Application Thread] INFO  ctgraphdep.services.WorkSessionService - Checking entry: ctgraphdep.models.WorkTimeTable@6bc94d86, Matches filter: true
2024-09-09 18:07:58.113 [JavaFX Application Thread] INFO  ctgraphdep.services.WorkSessionService - Checking entry: ctgraphdep.models.WorkTimeTable@55503311, Matches filter: true
2024-09-09 18:07:58.113 [JavaFX Application Thread] INFO  ctgraphdep.services.WorkSessionService - Filtered work times: 41
2024-09-09 18:07:58.113 [JavaFX Application Thread] INFO  ctgraphdep.services.UserWorkTimeService - Loaded 5 work hour entries for user 2
2024-09-09 18:08:01.399 [JavaFX Application Thread] INFO  ctgraphdep.services.LogoService - Image set successfully: /images/ct.png
2024-09-09 18:08:01.400 [JavaFX Application Thread] INFO  ctgraphdep.controllers.UserController - Logo image set successfully in UserController
2024-09-09 18:08:01.400 [JavaFX Application Thread] INFO  ctgraphdep.services.LogoService - Image set successfully: /images/ct.png
2024-09-09 18:08:01.401 [JavaFX Application Thread] INFO  ctgraphdep.controllers.UserController - Logo image set successfully in UserController
2024-09-09 18:08:01.401 [JavaFX Application Thread] WARN  ctgraphdep.controllers.UserController - Invalid session state found for user: Hodineanti Tudor-Lucian, State: ENDED
2024-09-09 18:08:01.417 [JavaFX Application Thread] INFO  ctgraphdep.services.NavigationService - Navigated to: User Page
