2025-02-04 21:41:04.100 [JavaFX Application Thread] INFO  ctgraphdep.constants.JsonPaths - Executable directory: D:\WorkT\Projects Java\GraphDepC\target
2025-02-04 21:41:04.104 [JavaFX Application Thread] INFO  ctgraphdep.constants.JsonPaths - Set ADMIN_PATH to: D:\WorkT\Projects Java\GraphDepC\target\default\
2025-02-04 21:41:04.105 [JavaFX Application Thread] INFO  ctgraphdep.constants.JsonPaths - Attempting to load path config from: D:\WorkT\Projects Java\GraphDepC\target\path_config.json
2025-02-04 21:41:04.218 [JavaFX Application Thread] WARN  ctgraphdep.constants.JsonPaths - Config specifies non-existent data path. Using admin path as fallback.
2025-02-04 21:41:04.219 [JavaFX Application Thread] INFO  ctgraphdep.constants.JsonPaths - Final DATA_PATH: D:\WorkT\Projects Java\GraphDepC\target\default\
2025-02-04 21:41:04.222 [JavaFX Application Thread] WARN  ctgraphdep.constants.JsonPaths - users.json not found in data path. Using admin path as fallback.
2025-02-04 21:41:04.224 [JavaFX Application Thread] INFO  ctgraphdep.services.UserService - Users loaded successfully. Total users: 0
2025-02-04 21:41:04.357 [JavaFX Application Thread] INFO  ctgraphdep.services.LogoService - Image set successfully: /images/ct.png
2025-02-04 21:41:04.358 [JavaFX Application Thread] INFO  ctgraphdep.controllers.LauncherController - Logo image set successfully in LauncherController
2025-02-04 21:41:04.358 [JavaFX Application Thread] INFO  ctgraphdep.services.FileAccessibilityService - Updating online status
2025-02-04 21:41:04.358 [JavaFX Application Thread] INFO  ctgraphdep.services.FileAccessibilityService - Checking users.json accessibility in new data path
2025-02-04 21:41:04.358 [JavaFX Application Thread] INFO  ctgraphdep.services.FileAccessibilityService - Checking file: D:\WorkT\Projects Java\GraphDepC\target\default\users.json
2025-02-04 21:41:04.359 [JavaFX Application Thread] INFO  ctgraphdep.services.FileAccessibilityService - File exists: false
2025-02-04 21:41:04.359 [JavaFX Application Thread] INFO  ctgraphdep.services.FileAccessibilityService - File is readable: false
2025-02-04 21:41:04.359 [JavaFX Application Thread] INFO  ctgraphdep.services.FileAccessibilityService - Users JSON file accessibility in new path: Not accessible
2025-02-04 21:41:05.011 [JavaFX Application Thread] INFO  ctgraphdep.services.LogoService - Image set successfully: /images/ct3front.png
2025-02-04 21:41:05.011 [JavaFX Application Thread] INFO  ctgraphdep.controllers.LauncherController - Main image set successfully in LauncherController
2025-02-04 21:41:05.215 [JavaFX Application Thread] INFO  ctgraphdep.services.FileAccessibilityService - Status set to Offline (using default path)
2025-02-04 21:41:12.862 [JavaFX Application Thread] INFO  UserActions - Login - Attempt login
2025-02-04 21:41:12.863 [JavaFX Application Thread] WARN  ctgraphdep.constants.JsonPaths - users.json not found in data path. Using admin path as fallback.
2025-02-04 21:41:12.863 [JavaFX Application Thread] INFO  ctgraphdep.services.UserService - Users loaded successfully. Total users: 0
2025-02-04 21:41:12.863 [JavaFX Application Thread] WARN  ctgraphdep.constants.JsonPaths - users.json not found in data path. Using admin path as fallback.
2025-02-04 21:41:12.863 [JavaFX Application Thread] INFO  ctgraphdep.services.UserService - Users loaded successfully. Total users: 0
2025-02-04 21:41:12.864 [JavaFX Application Thread] WARN  ctgraphdep.services.UserService - Failed authentication attempt for username: tudor
2025-02-04 21:41:12.864 [JavaFX Application Thread] WARN  ctgraphdep.services.AuthenticationService - Failed login attempt for username: tudor
2025-02-04 21:41:19.622 [JavaFX Application Thread] INFO  UserActions - Login - Attempt login
2025-02-04 21:41:19.622 [JavaFX Application Thread] WARN  ctgraphdep.constants.JsonPaths - users.json not found in data path. Using admin path as fallback.
2025-02-04 21:41:19.622 [JavaFX Application Thread] INFO  ctgraphdep.services.UserService - Users loaded successfully. Total users: 0
2025-02-04 21:41:19.623 [JavaFX Application Thread] WARN  ctgraphdep.constants.JsonPaths - users.json not found in data path. Using admin path as fallback.
2025-02-04 21:41:19.623 [JavaFX Application Thread] INFO  ctgraphdep.services.UserService - Users loaded successfully. Total users: 0
2025-02-04 21:41:19.623 [JavaFX Application Thread] WARN  ctgraphdep.services.UserService - Failed authentication attempt for username: tudor
2025-02-04 21:41:19.623 [JavaFX Application Thread] WARN  ctgraphdep.services.AuthenticationService - Failed login attempt for username: tudor
